// Jest Snapshot v1, https://goo.gl/fbAQLP

exports[`lsd should sort! 1`] = `
Array [
  "ADSA",
  "ADSB",
  "HOLA",
  "HOLB",
  "HOLC",
  "HZLL",
]
`;
